2026-06-07 15:51:55,365 - INFO - Initializing BRSR extractor with template...
2026-06-07 15:51:55,506 - INFO - Extracted BRSR structure: 2 principles, 3 sections
2026-06-07 15:51:55,639 - INFO - Template analysis: 11 pages with BRSR content
2026-06-07 15:51:55,640 - INFO - Sample patterns from template: ['put in place towards adopting the NGRBC Principles and Core Elements.', 'Principles and Core Elements with key processes and decisions. The information sought is', '1. Percentage coverage by training and awareness programmes on any of the Principles']
2026-06-07 15:51:55,640 - INFO - 
Starting BRSR/BRR extraction from annual reports...
2026-06-07 15:51:57,982 - INFO - Successfully extracted BRSR from 360ONE (2021-22) - 13 pages
2026-06-07 15:51:59,805 - INFO - Successfully extracted BRR from 360ONE (2022-23) - 9 pages
2026-06-07 15:52:01,527 - INFO - Successfully extracted BRSR from 360ONE (2023-24) - 17 pages
2026-06-07 15:52:03,140 - INFO - Successfully extracted BRSR from 360ONE (2024-25) - 44 pages
2026-06-07 15:52:04,432 - INFO - Successfully extracted BRR from AARTIIND (2021-22) - 8 pages
2026-06-07 15:52:05,847 - INFO - Successfully extracted BRSR from AARTIIND (2022-23) - 7 pages
2026-06-07 15:52:07,050 - INFO - Successfully extracted BRSR from AARTIIND (2023-24) - 7 pages
2026-06-07 15:52:09,871 - INFO - Successfully extracted BRSR from AARTIIND (2024-25) - 27 pages
2026-06-07 15:52:10,687 - INFO - Successfully extracted BRSR from ABB (2021-22) - 6 pages
2026-06-07 15:52:11,522 - INFO - Successfully extracted BRSR from ABB (2022-23) - 6 pages
2026-06-07 15:52:12,357 - INFO - Successfully extracted BRSR from ABB (2023-24) - 12 pages
2026-06-07 15:52:13,480 - INFO - Successfully extracted BRSR from ABB (2024-25) - 12 pages
2026-06-07 15:52:15,600 - INFO - Successfully extracted BRSR from ABFRL (2021-22) - 6 pages
2026-06-07 15:52:16,958 - INFO - Successfully extracted BRSR from ABFRL (2022-23) - 5 pages
2026-06-07 15:52:18,733 - INFO - Successfully extracted BRSR from ABFRL (2023-24) - 11 pages
2026-06-07 15:52:21,678 - INFO - Successfully extracted BRSR from ABFRL (2024-25) - 9 pages
2026-06-07 15:52:22,656 - INFO - Successfully extracted BRR from ACE (2021-22) - 19 pages
2026-06-07 15:52:23,927 - INFO - Successfully extracted BRSR from ACE (2022-23) - 9 pages
2026-06-07 15:52:25,736 - INFO - Successfully extracted BRSR from ACE (2023-24) - 10 pages
2026-06-07 15:52:27,128 - INFO - Successfully extracted BRSR from ACE (2024-25) - 9 pages
2026-06-07 15:52:29,842 - INFO - Successfully extracted BRSR from ADANIENSOL (2021-22) - 6 pages
2026-06-07 15:52:31,819 - INFO - Successfully extracted BRSR from ADANIENSOL (2022-23) - 7 pages
2026-06-07 15:52:35,089 - INFO - Successfully extracted BRSR from ADANIENSOL (2023-24) - 13 pages
2026-06-07 15:52:40,099 - INFO - Successfully extracted BRSR from ADANIENSOL (2024-25) - 16 pages
2026-06-07 15:52:42,293 - INFO - Successfully extracted BRR from ADANIENT (2021-22) - 6 pages
2026-06-07 15:52:44,069 - INFO - Successfully extracted BRSR from ADANIENT (2022-23) - 12 pages
2026-06-07 15:52:47,857 - INFO - Successfully extracted BRSR from ADANIENT (2023-24) - 13 pages
2026-06-07 15:52:50,438 - INFO - Successfully extracted BRSR from ADANIENT (2024-25) - 12 pages
2026-06-07 15:52:52,621 - INFO - Successfully extracted BRR from ADANIGREEN (2021-22) - 7 pages
2026-06-07 15:52:54,421 - INFO - Successfully extracted BRSR from ADANIGREEN (2022-23) - 9 pages
2026-06-07 15:52:56,788 - INFO - Successfully extracted BRSR from ADANIGREEN (2023-24) - 7 pages
2026-06-07 15:52:59,134 - INFO - Successfully extracted BRSR from ADANIGREEN (2024-25) - 5 pages
2026-06-07 15:53:01,505 - INFO - Successfully extracted BRSR from ADANIPORTS (2021-22) - 11 pages
2026-06-07 15:53:04,013 - INFO - Successfully extracted BRSR from ADANIPORTS (2022-23) - 22 pages
2026-06-07 15:53:07,070 - INFO - Successfully extracted BRSR from ADANIPORTS (2023-24) - 21 pages
2026-06-07 15:53:09,805 - INFO - Successfully extracted BRSR from ADANIPORTS (2024-25) - 23 pages
2026-06-07 15:53:12,255 - INFO - Successfully extracted BRSR from ADANIPOWER (2021-22) - 6 pages
2026-06-07 15:53:13,761 - INFO - Successfully extracted BRSR from ADANIPOWER (2022-23) - 4 pages
2026-06-07 15:53:15,585 - INFO - Successfully extracted BRSR from ADANIPOWER (2023-24) - 8 pages
2026-06-07 15:53:17,615 - INFO - Successfully extracted BRR from ADANIPOWER (2024-25) - 7 pages
2026-06-07 15:53:19,428 - INFO - Successfully extracted BRR from AMBUJACEM (2021-22) - 9 pages
2026-06-07 15:53:21,015 - INFO - Successfully extracted BRSR from AMBUJACEM (2022-23) - 6 pages
2026-06-07 15:53:22,883 - INFO - Successfully extracted BRSR from AMBUJACEM (2023-24) - 6 pages
2026-06-07 15:53:25,483 - INFO - Successfully extracted BRSR from AMBUJACEM (2024-25) - 8 pages
2026-06-07 15:53:27,561 - INFO - Successfully extracted BRSR from Annual Report (2021-22) - 20 pages
2026-06-07 15:53:29,808 - INFO - Successfully extracted BRR from Annual Report_2021-22_1 (2021-22) - 9 pages
2026-06-07 15:53:32,043 - INFO - Successfully extracted BRSR from Annual Report (2022-23) - 18 pages
2026-06-07 15:53:35,928 - INFO - Successfully extracted BRSR from Annual Report_2022-23_1 (2022-23) - 8 pages
2026-06-07 15:53:38,297 - INFO - Successfully extracted BRSR from Annual Report (2023-24) - 6 pages
2026-06-07 15:53:40,727 - ERROR - Error extracting pages: code=5: exception stack overflow!
2026-06-07 15:53:43,641 - INFO - Successfully extracted BRSR from Annual Report_2023-24_2 (2023-24) - 8 pages
2026-06-07 15:53:46,486 - INFO - Successfully extracted BRSR from Annual Report (2024-25) - 7 pages
2026-06-07 15:53:49,419 - ERROR - Error extracting pages: code=5: exception stack overflow!
2026-06-07 15:53:52,165 - INFO - Successfully extracted BRR from Annual_Report_Bharti Airtel (2021-22) - 6 pages
2026-06-07 15:53:54,359 - INFO - Successfully extracted BRSR from Annual_Report_Bharti Airtel (2022-23) - 12 pages
2026-06-07 15:53:56,599 - INFO - Successfully extracted BRSR from Annual_Report_HDFC Bank Limited (2021-22) - 6 pages
2026-06-07 15:53:58,673 - INFO - Successfully extracted BRSR from Annual_Report_HDFC Bank Limited (2022-23) - 6 pages
2026-06-07 15:54:01,133 - INFO - Successfully extracted BRSR from Annual_Report_HDFC Bank Limited (2023-24) - 5 pages
2026-06-07 15:54:03,503 - INFO - Successfully extracted BRSR from Annual_Report_HDFC Bank Limited (2024-25) - 6 pages
2026-06-07 15:54:06,297 - INFO - Successfully extracted BRSR from Annual_Report_Reliance (2024-25) - 13 pages
2026-06-07 15:54:09,451 - INFO - Successfully extracted BRSR from Annual_Report_TATA Consultacy Services_2024-2025 (2024-20) - 12 pages
2026-06-07 15:54:10,980 - INFO - Successfully extracted BRSR from Annual_Report_TATA Consultancy Services_2021-2022 (2021-20) - 4 pages
2026-06-07 15:54:12,788 - INFO - Successfully extracted BRSR from Annual_Report_TATA Consultancy Services_2022-2023 (2022-20) - 16 pages
2026-06-07 15:54:14,820 - INFO - Successfully extracted BRSR from Annual_Report_TATA Consultancy Services_2023-2024 (2023-20) - 22 pages
2026-06-07 15:54:15,772 - INFO - Successfully extracted BRR from APLLTD (2021-22) - 8 pages
2026-06-07 15:54:19,298 - INFO - Successfully extracted BRSR from APLLTD (2022-23) - 5 pages
2026-06-07 15:54:20,834 - INFO - Successfully extracted BRSR from APLLTD (2023-24) - 4 pages
2026-06-07 15:54:22,280 - INFO - Successfully extracted BRSR from APLLTD (2024-25) - 4 pages
2026-06-07 15:54:24,236 - INFO - Successfully extracted BRR from ASIANPAINT (2021-22) - 16 pages
2026-06-07 15:54:27,905 - INFO - Successfully extracted BRSR from ASIANPAINT (2022-23) - 23 pages
2026-06-07 15:54:30,772 - INFO - Successfully extracted BRSR from ASIANPAINT (2023-24) - 12 pages
2026-06-07 15:54:36,927 - INFO - Successfully extracted BRSR from ASIANPAINT (2024-25) - 26 pages
2026-06-07 15:54:37,131 - WARNING - No BRSR/BRR found in ASIANPAINT_Chairman Letter_2024-25.pdf
2026-06-07 15:54:39,949 - INFO - Successfully extracted BRR from ASTERDM (2021-22) - 5 pages
2026-06-07 15:54:41,859 - INFO - Successfully extracted BRR from ASTERDM (2022-23) - 5 pages
2026-06-07 15:54:44,673 - INFO - Successfully extracted BRR from ASTERDM (2023-24) - 5 pages
2026-06-07 15:54:46,357 - INFO - Successfully extracted BRSR from ASTERDM (2024-25) - 7 pages
2026-06-07 15:54:47,808 - INFO - Successfully extracted BRR from ATGL (2021-22) - 5 pages
2026-06-07 15:54:49,246 - INFO - Successfully extracted BRSR from ATGL (2022-23) - 4 pages
2026-06-07 15:54:51,510 - INFO - Successfully extracted BRSR from ATGL (2023-24) - 10 pages
2026-06-07 15:54:53,728 - INFO - Successfully extracted BRSR from ATGL (2024-25) - 6 pages
2026-06-07 15:54:54,893 - INFO - Successfully extracted BRSR from ATUL (2021-22) - 7 pages
2026-06-07 15:54:58,815 - INFO - Successfully extracted BRSR from ATUL (2022-23) - 10 pages
2026-06-07 15:55:00,478 - INFO - Successfully extracted BRSR from ATUL (2023-24) - 11 pages
2026-06-07 15:55:02,755 - INFO - Successfully extracted BRSR from ATUL (2024-25) - 11 pages
2026-06-07 15:55:05,563 - INFO - Successfully extracted BRR from AXIS (2021-22) - 6 pages
2026-06-07 15:55:07,711 - INFO - Successfully extracted BRSR from AXIS (2022-23) - 7 pages
2026-06-07 15:55:10,848 - INFO - Successfully extracted BRSR from AXIS (2023-24) - 4 pages
2026-06-07 15:55:13,523 - INFO - Successfully extracted BRSR from AXIS (2024-25) - 5 pages
2026-06-07 15:55:13,779 - INFO - Successfully extracted BRSR from AXIS_BRSR (2021-22) - 5 pages
2026-06-07 15:55:14,137 - INFO - Successfully extracted BRSR from AXIS_BRSR (2022-23) - 7 pages
2026-06-07 15:55:14,483 - INFO - Successfully extracted BRSR from AXIS_BRSR (2023-24) - 3 pages
2026-06-07 15:55:14,850 - INFO - Successfully extracted BRSR from AXIS_BRSR (2024-25) - 6 pages
2026-06-07 15:55:15,757 - INFO - Successfully extracted BRSR from BAJAJ-AUTO (2021-22) - 4 pages
2026-06-07 15:55:17,433 - INFO - Successfully extracted BRSR from BAJAJ-AUTO (2022-23) - 3 pages
2026-06-07 15:55:18,595 - INFO - Successfully extracted BRSR from BAJAJ-AUTO (2023-24) - 3 pages
2026-06-07 15:55:19,618 - INFO - Successfully extracted BRSR from BAJAJ-AUTO (2024-25) - 7 pages
2026-06-07 15:55:19,822 - INFO - Successfully extracted BRR from BAJAJ-AUTO_BRR (2021-22) - 17 pages
2026-06-07 15:55:20,135 - INFO - Successfully extracted BRSR from BAJAJ-AUTO_BRSR (2022-23) - 3 pages
2026-06-07 15:55:20,421 - INFO - Successfully extracted BRSR from BAJAJ-AUTO_BRSR (2023-24) - 4 pages
2026-06-07 15:55:20,710 - INFO - Successfully extracted BRSR from BAJAJ-AUTO_BRSR (2024-25) - 6 pages
2026-06-07 15:55:22,679 - INFO - Successfully extracted BRSR from BAJAJFINSV (2022-23) - 57 pages
2026-06-07 15:55:24,114 - INFO - Successfully extracted BRSR from BAJAJFINSV (2021-22) - 65 pages
2026-06-07 15:55:26,072 - INFO - Successfully extracted BRSR from BAJAJFINSV (2023-24) - 59 pages
2026-06-07 15:55:29,398 - INFO - Successfully extracted BRSR from BAJAJFINSV (2024-25) - 61 pages
2026-06-07 15:55:29,980 - ERROR - Error extracting pages: code=5: exception stack overflow!
2026-06-07 15:55:31,594 - INFO - Successfully extracted BRSR from BAJFINANCE (2021-22) - 21 pages
2026-06-07 15:55:33,667 - INFO - Successfully extracted BRSR from BAJFINANCE (2022-23) - 23 pages
2026-06-07 15:55:35,514 - INFO - Successfully extracted BRSR from BAJFINANCE (2023-24) - 25 pages
2026-06-07 15:55:37,532 - INFO - Successfully extracted BRSR from BAJFINANCE (2024-25) - 28 pages
2026-06-07 15:55:42,449 - INFO - Successfully extracted BRR from BANKBARODA (2021-22) - 18 pages
2026-06-07 15:55:49,849 - INFO - Successfully extracted BRSR from BANKBARODA (2022-23) - 4 pages
2026-06-07 15:55:53,394 - INFO - Successfully extracted BRSR from BANKBARODA (2023-24) - 4 pages
2026-06-07 15:55:55,838 - INFO - Successfully extracted BRSR from BANKBARODA (2024-25) - 4 pages
2026-06-07 15:55:56,865 - INFO - Successfully extracted BRR from BATAINDIA (2021-22) - 4 pages
2026-06-07 15:55:57,890 - INFO - Successfully extracted BRR from BATAINDIA (2022-23) - 6 pages
2026-06-07 15:55:58,786 - INFO - Successfully extracted BRR from BATAINDIA (2023-24) - 6 pages
2026-06-07 15:55:59,037 - INFO - Successfully extracted BRR from BATAINDIA_BRSR (2024-25) - 4 pages
2026-06-07 15:56:00,757 - INFO - Successfully extracted BRR from BEL (2021-22) - 9 pages
2026-06-07 15:56:02,414 - INFO - Successfully extracted BRSR from BEL (2022-23) - 8 pages
2026-06-07 15:56:04,831 - INFO - Successfully extracted BRSR from BEL (2023-24) - 7 pages
2026-06-07 15:56:07,394 - INFO - Successfully extracted BRSR from BEL (2024-25) - 7 pages
2026-06-07 15:56:09,313 - INFO - Successfully extracted BRSR from BPCL (2021-22) - 6 pages
2026-06-07 15:56:11,455 - INFO - Successfully extracted BRR from BPCL (2022-23) - 7 pages
2026-06-07 15:56:13,549 - INFO - Successfully extracted BRR from BPCL (2023-24) - 28 pages
2026-06-07 15:56:15,956 - INFO - Successfully extracted BRR from BPCL (2024-25) - 31 pages
2026-06-07 15:56:17,383 - INFO - Successfully extracted BRSR from BRIGADE (2021-22) - 16 pages
2026-06-07 15:56:18,850 - INFO - Successfully extracted BRSR from BRIGADE (2022-23) - 40 pages
2026-06-07 15:56:20,477 - INFO - Successfully extracted BRSR from BRIGADE (2023-24) - 8 pages
2026-06-07 15:56:22,783 - INFO - Successfully extracted BRSR from BRIGADE (2024-25) - 7 pages
2026-06-07 15:56:24,742 - INFO - Successfully extracted BRSR from BRITANNIA (2021-22) - 13 pages
2026-06-07 15:56:26,501 - INFO - Successfully extracted BRSR from BRITANNIA (2022-23) - 9 pages
2026-06-07 15:56:27,630 - INFO - Successfully extracted BRSR from BRITANNIA (2023-24) - 11 pages
2026-06-07 15:56:28,779 - INFO - Successfully extracted BRSR from BRITANNIA (2024-25) - 9 pages
2026-06-07 15:56:29,103 - INFO - Successfully extracted BRSR from BRR_Reliance (2021-22) - 15 pages
2026-06-07 15:56:29,363 - INFO - Successfully extracted BRSR from BRSR_Bharti Airtel (2023-24) - 4 pages
2026-06-07 15:56:29,710 - INFO - Successfully extracted BRSR from BRSR_Bharti Airtel (2024-25) - 5 pages
2026-06-07 15:56:30,039 - INFO - Successfully extracted BRSR from BRSR_ICICI Bank (2022-23) - 3 pages
2026-06-07 15:56:30,358 - INFO - Successfully extracted BRSR from BRSR_ICICI Bank (2023-24) - 5 pages
2026-06-07 15:56:30,720 - INFO - Successfully extracted BRSR from BRSR_ICICI Bank (2024-25) - 5 pages
2026-06-07 15:56:31,459 - INFO - Successfully extracted BRSR from BRSR_Reliance (2022-23) - 51 pages
2026-06-07 15:56:32,075 - INFO - Successfully extracted BRSR from BRSR_Reliance (2023-24) - 52 pages
2026-06-07 15:56:32,703 - INFO - Successfully extracted BRSR from BRSR_Reliance (2024-25) - 49 pages
2026-06-07 15:56:33,782 - INFO - Successfully extracted BRR from BSOFT (2021-22) - 9 pages
2026-06-07 15:56:35,578 - INFO - Successfully extracted BRSR from BSOFT (2022-23) - 6 pages
2026-06-07 15:56:38,247 - INFO - Successfully extracted BRSR from BSOFT (2023-24) - 6 pages
2026-06-07 15:56:39,972 - INFO - Successfully extracted BRSR from BSOFT (2024-25) - 8 pages
2026-06-07 15:56:46,921 - INFO - Successfully extracted BRR from CANBK (2021-22) - 5 pages
2026-06-07 15:56:55,191 - INFO - Successfully extracted BRR from CANBK (2022-23) - 5 pages
